// Jest Snapshot v1, https://goo.gl/fbAQLP

exports[`App Should match the snapshot 1`] = `
<div
  className="App"
>
  <h1>
    memoize.eslint!
  </h1>
  <h3
    className="score"
  >
    Score: 
    0
    /30
  </h3>
  <RuleLibrary
    categories={Array []}
  />
  <div
    className="button-area"
  >
    <button
      className="startQuiz"
      onClick={[Function]}
    >
      Take Quiz!
    </button>
    <button
      className="show-wrong"
      onClick={[Function]}
    >
      Show Missed...
    </button>
  </div>
</div>
`;
